// Jest Snapshot v1, https://goo.gl/fbAQLP

exports[`All client event handlers should be functions all client events should be a function 1`] = `"function"`;

exports[`All client event handlers should be functions all client events should be a function 2`] = `"function"`;

exports[`All client event handlers should be functions all client events should be a function 3`] = `"function"`;
