// Jest Snapshot v1, https://goo.gl/fbAQLP

exports[`Client interactions Should add a new user to a room and receive the same text 1`] = `"// your code here"`;

exports[`Client interactions Should add a new user to a room and receive the same text 2`] = `"// your code here"`;

exports[`Client interactions Should be able to hear emissions from other clients 1`] = `"console.log(2)"`;
